// Jest Snapshot v1, https://goo.gl/fbAQLP

exports[`<Header /> should render title and subtitle 1`] = `
.c0 {
  display: flex;
  max-width: 420px;
  margin: 0 auto;
  padding: 40px 10px 4px;
  flex-direction: column;
  width: 100%;
}

.c1 {
  font-size: 20px;
  font-weight: 500;
  margin-bottom: 15px;
}

.c2 {
  font-size: 11px;
  font-weight: 400;
  margin-bottom: 10px;
  max-width: 335px;
}

<section
  class="c0"
>
  <h1
    class="c1"
    title="title"
  >
    Cake Order Form
  </h1>
  <h2
    class="c2"
  >
    Order your freshly baked cakes using only the finest quality natural ingredientes.
  </h2>
</section>
`;
